root@debian:/docker/authentik# apt install docker-compose

root@debian:~# mkdir /docker/authentik
root@debian:~# cd /docker/authentik/
root@debian:/docker/authentik# mcedit passgen.sh

# You can also use openssl instead: `openssl rand -base64 36`
sudo apt-get install -y pwgen
# Because of a PostgreSQL limitation, only passwords up to 99 chars are supported
# See https://www.postgresql.org/message-id/09512C4F-8CB9-4021-B455-EF4C4F0D55A0@amazon.com
echo "PG_PASS=$(pwgen -s 40 1)" >> .env
echo "AUTHENTIK_SECRET_KEY=$(pwgen -s 50 1)" >> .env
# Skip if you don't want to enable error reporting
echo "AUTHENTIK_ERROR_REPORTING__ENABLED=true" >> .env



root@debian:/docker/authentik# chmod +x passgen.sh
root@debian:/docker/authentik# ./passgen.sh

root@debian:/docker/authentik# mcedit .env

AUTHENTIK_PORT_HTTP=9080
AUTHENTIK_PORT_HTTPS=9443


root@debian:/docker/authentik# wget https://goauthentik.io/docker-compose.yml


root@debian:/docker/authentik# docker compose pull
root@debian:/docker/authentik# docker compose up -d




https://<your server's IP or hostname>:9443/if/flow/initial-setup/
